2025-06-16 16:16:40,382 - main_trading_app_alpaca - INFO - 🚀 Initializing Trading Application...
2025-06-16 16:16:40,383 - main_trading_app_alpaca - INFO - Feature Flags:
2025-06-16 16:16:40,383 - main_trading_app_alpaca - INFO -   RECONCILIATION_ENABLED: False
2025-06-16 16:16:40,383 - src.config.broker_config - INFO - Broker configuration initialized for: IBKR
2025-06-16 16:16:40,383 - main_trading_app_alpaca - INFO - 📊 Using broker: IBKR
2025-06-16 16:16:40,383 - src.broker_factory - INFO - Creating TWS/IBKR connection
2025-06-16 16:16:40,384 - main_trading_app_alpaca - INFO - Connecting to IBKR...
2025-06-16 16:16:40,384 - src.tws_connection - INFO - Connecting to TWS at 127.0.0.1:7497
2025-06-16 16:16:40,385 - src.tws_connection - INFO - Connection thread: Connecting to 127.0.0.1:7497 (client ID: 1)
2025-06-16 16:16:43,465 - src.tws_connection - ERROR - ❌ TWS connection error 502: Couldn't connect to TWS. Confirm that "Enable ActiveX and Socket EClients" 
is enabled and connection port is the same as "Socket Port" on the 
TWS "Edit->Global Configuration...->API->Settings" menu. Live Trading ports: 
TWS: 7496; IB Gateway: 4001. Simulated Trading ports for new installations 
of version 954.1 or newer:  TWS: 7497; IB Gateway: 4002
2025-06-16 16:16:43,466 - src.tws_connection - WARNING - Not connected to TWS
2025-06-16 16:16:43,466 - src.tws_connection - INFO - Connection thread: Socket connected, starting message loop
2025-06-16 16:16:43,466 - src.tws_connection - WARNING - Not connected to TWS
2025-06-16 16:16:43,467 - src.tws_connection - INFO - Connection thread: Message loop ended
2025-06-16 16:16:50,390 - src.tws_connection - ERROR - ❌ Connection failed or timed out
2025-06-16 16:16:50,392 - src.tws_connection - ERROR - Connected: False, Next ID: None
2025-06-16 16:16:50,392 - src.tws_connection - INFO - Forcing connection cleanup
2025-06-16 16:16:50,393 - src.tws_connection - INFO - ⚠️ Connection to TWS closed
2025-06-16 16:17:02,903 - main_trading_app_alpaca - INFO - 🚀 Initializing Trading Application...
2025-06-16 16:17:02,904 - main_trading_app_alpaca - INFO - Feature Flags:
2025-06-16 16:17:02,904 - main_trading_app_alpaca - INFO -   RECONCILIATION_ENABLED: False
2025-06-16 16:17:02,904 - src.config.broker_config - INFO - Broker configuration initialized for: ALPACA
2025-06-16 16:17:02,905 - main_trading_app_alpaca - INFO - 📊 Using broker: ALPACA
2025-06-16 16:17:02,905 - src.broker_factory - INFO - Creating Alpaca connection
2025-06-16 16:17:02,906 - src.minute_data.alpaca_manager - INFO - AlpacaMinuteBarManager initialized (stub implementation)
2025-06-16 16:17:02,906 - main_trading_app_alpaca - INFO - Connecting to ALPACA...
2025-06-16 16:17:02,907 - src.alpaca_connection - INFO - Connecting to Alpaca (paper mode)
2025-06-16 16:17:03,031 - src.alpaca_connection - INFO - ✅ Connected to Alpaca - Account: PA3IDVID4N3W
2025-06-16 16:17:03,031 - src.alpaca_connection - INFO - ✅ Buying Power: $199802.06
2025-06-16 16:17:03,031 - src.alpaca_connection - INFO - ✅ Portfolio Value: $100000
2025-06-16 16:17:03,033 - src.alpaca_connection - INFO - Starting Alpaca trading stream...
2025-06-16 16:17:03,033 - src.alpaca_connection - INFO - ✅ WebSocket streams initialized
2025-06-16 16:17:03,034 - main_trading_app_alpaca - INFO - ✅ Connected to ALPACA
2025-06-16 16:17:03,034 - src.position.position_manager - INFO - PositionManager initialized
2025-06-16 16:17:03,034 - main_trading_app_alpaca - INFO - ✅ PositionManager initialized (dual-write enabled)
2025-06-16 16:17:03,035 - src.order.manager - INFO - OrderManager callbacks set up with TWSConnection
2025-06-16 16:17:03,036 - src.position.tracker - INFO - PositionTracker async initialization completed
2025-06-16 16:17:03,036 - UnifiedFillManager - INFO - UnifiedFillManager initialized with concurrency control
2025-06-16 16:17:03,036 - main_trading_app_alpaca - INFO - ✅ UnifiedFillManager initialized
2025-06-16 16:17:03,037 - src.rule.linked_order_actions - INFO - CooldownResetManager initialized - monitoring for stop loss fills
2025-06-16 16:17:03,037 - main_trading_app_alpaca - ERROR - Failed to initialize API client: Base URL is required. Provide it directly or set API_BASE_URL environment variable.
2025-06-16 16:17:13,886 - main_trading_app_alpaca - INFO - 🚀 Initializing Trading Application...
2025-06-16 16:17:13,886 - main_trading_app_alpaca - INFO - Feature Flags:
2025-06-16 16:17:13,886 - main_trading_app_alpaca - INFO -   RECONCILIATION_ENABLED: False
2025-06-16 16:17:13,886 - src.config.broker_config - INFO - Broker configuration initialized for: ALPACA
2025-06-16 16:17:13,886 - main_trading_app_alpaca - INFO - 📊 Using broker: ALPACA
2025-06-16 16:17:13,886 - src.broker_factory - INFO - Creating Alpaca connection
2025-06-16 16:17:13,887 - src.minute_data.alpaca_manager - INFO - AlpacaMinuteBarManager initialized (stub implementation)
2025-06-16 16:17:13,887 - main_trading_app_alpaca - INFO - Connecting to ALPACA...
2025-06-16 16:17:13,887 - src.alpaca_connection - INFO - Connecting to Alpaca (paper mode)
2025-06-16 16:17:14,006 - src.alpaca_connection - INFO - ✅ Connected to Alpaca - Account: PA3IDVID4N3W
2025-06-16 16:17:14,007 - src.alpaca_connection - INFO - ✅ Buying Power: $199802.06
2025-06-16 16:17:14,008 - src.alpaca_connection - INFO - ✅ Portfolio Value: $100000
2025-06-16 16:17:14,010 - src.alpaca_connection - INFO - Starting Alpaca trading stream...
2025-06-16 16:17:14,010 - src.alpaca_connection - INFO - ✅ WebSocket streams initialized
2025-06-16 16:17:14,011 - main_trading_app_alpaca - INFO - ✅ Connected to ALPACA
2025-06-16 16:17:14,012 - src.position.position_manager - INFO - PositionManager initialized
2025-06-16 16:17:14,012 - main_trading_app_alpaca - INFO - ✅ PositionManager initialized (dual-write enabled)
2025-06-16 16:17:14,013 - src.order.manager - INFO - OrderManager callbacks set up with TWSConnection
2025-06-16 16:17:14,013 - src.position.tracker - INFO - PositionTracker async initialization completed
2025-06-16 16:17:14,013 - UnifiedFillManager - INFO - UnifiedFillManager initialized with concurrency control
2025-06-16 16:17:14,014 - main_trading_app_alpaca - INFO - ✅ UnifiedFillManager initialized
2025-06-16 16:17:14,014 - src.rule.linked_order_actions - INFO - CooldownResetManager initialized - monitoring for stop loss fills
2025-06-16 16:17:14,015 - main_trading_app_alpaca - ERROR - Failed to initialize API client: API key is required. Provide it directly or set API_KEY environment variable.
2025-06-16 16:17:43,398 - main_trading_app_alpaca - INFO - 🚀 Initializing Trading Application...
2025-06-16 16:17:43,398 - main_trading_app_alpaca - INFO - Feature Flags:
2025-06-16 16:17:43,398 - main_trading_app_alpaca - INFO -   RECONCILIATION_ENABLED: False
2025-06-16 16:17:43,399 - src.config.broker_config - INFO - Broker configuration initialized for: ALPACA
2025-06-16 16:17:43,399 - main_trading_app_alpaca - INFO - 📊 Using broker: ALPACA
2025-06-16 16:17:43,399 - src.broker_factory - INFO - Creating Alpaca connection
2025-06-16 16:17:43,400 - src.minute_data.alpaca_manager - INFO - AlpacaMinuteBarManager initialized (stub implementation)
2025-06-16 16:17:43,400 - main_trading_app_alpaca - INFO - Connecting to ALPACA...
2025-06-16 16:17:43,400 - src.alpaca_connection - INFO - Connecting to Alpaca (paper mode)
2025-06-16 16:17:43,523 - src.alpaca_connection - INFO - ✅ Connected to Alpaca - Account: PA3IDVID4N3W
2025-06-16 16:17:43,524 - src.alpaca_connection - INFO - ✅ Buying Power: $199802.06
2025-06-16 16:17:43,524 - src.alpaca_connection - INFO - ✅ Portfolio Value: $100000
2025-06-16 16:17:43,525 - src.alpaca_connection - INFO - Starting Alpaca trading stream...
2025-06-16 16:17:43,525 - src.alpaca_connection - INFO - ✅ WebSocket streams initialized
2025-06-16 16:17:43,526 - main_trading_app_alpaca - INFO - ✅ Connected to ALPACA
2025-06-16 16:17:43,526 - src.position.position_manager - INFO - PositionManager initialized
2025-06-16 16:17:43,527 - main_trading_app_alpaca - INFO - ✅ PositionManager initialized (dual-write enabled)
2025-06-16 16:17:43,527 - src.order.manager - INFO - OrderManager callbacks set up with TWSConnection
2025-06-16 16:17:43,527 - src.position.tracker - INFO - PositionTracker async initialization completed
2025-06-16 16:17:43,528 - UnifiedFillManager - INFO - UnifiedFillManager initialized with concurrency control
2025-06-16 16:17:43,528 - main_trading_app_alpaca - INFO - ✅ UnifiedFillManager initialized
2025-06-16 16:17:43,529 - src.rule.linked_order_actions - INFO - CooldownResetManager initialized - monitoring for stop loss fills
2025-06-16 16:17:43,529 - main_trading_app_alpaca - ERROR - Failed to initialize API client: API key is required. Provide it directly or set API_KEY environment variable.
2025-06-16 16:18:06,445 - main_trading_app_alpaca - INFO - 🚀 Initializing Trading Application...
2025-06-16 16:18:06,446 - main_trading_app_alpaca - INFO - Feature Flags:
2025-06-16 16:18:06,446 - main_trading_app_alpaca - INFO -   RECONCILIATION_ENABLED: False
2025-06-16 16:18:06,446 - src.config.broker_config - INFO - Broker configuration initialized for: ALPACA
2025-06-16 16:18:06,447 - main_trading_app_alpaca - INFO - 📊 Using broker: ALPACA
2025-06-16 16:18:06,447 - src.broker_factory - INFO - Creating Alpaca connection
2025-06-16 16:18:06,448 - src.minute_data.alpaca_manager - INFO - AlpacaMinuteBarManager initialized (stub implementation)
2025-06-16 16:18:06,448 - main_trading_app_alpaca - INFO - Connecting to ALPACA...
2025-06-16 16:18:06,448 - src.alpaca_connection - INFO - Connecting to Alpaca (paper mode)
2025-06-16 16:18:06,647 - src.alpaca_connection - INFO - ✅ Connected to Alpaca - Account: PA3IDVID4N3W
2025-06-16 16:18:06,648 - src.alpaca_connection - INFO - ✅ Buying Power: $199802.06
2025-06-16 16:18:06,648 - src.alpaca_connection - INFO - ✅ Portfolio Value: $100000
2025-06-16 16:18:06,650 - src.alpaca_connection - INFO - Starting Alpaca trading stream...
2025-06-16 16:18:06,650 - src.alpaca_connection - INFO - ✅ WebSocket streams initialized
2025-06-16 16:18:06,651 - main_trading_app_alpaca - INFO - ✅ Connected to ALPACA
2025-06-16 16:18:06,652 - src.position.position_manager - INFO - PositionManager initialized
2025-06-16 16:18:06,652 - main_trading_app_alpaca - INFO - ✅ PositionManager initialized (dual-write enabled)
2025-06-16 16:18:06,652 - src.order.manager - INFO - OrderManager callbacks set up with TWSConnection
2025-06-16 16:18:06,653 - src.position.tracker - INFO - PositionTracker async initialization completed
2025-06-16 16:18:06,653 - UnifiedFillManager - INFO - UnifiedFillManager initialized with concurrency control
2025-06-16 16:18:06,654 - main_trading_app_alpaca - INFO - ✅ UnifiedFillManager initialized
2025-06-16 16:18:06,654 - src.rule.linked_order_actions - INFO - CooldownResetManager initialized - monitoring for stop loss fills
2025-06-16 16:18:07,215 - main_trading_app_alpaca - INFO - ✅ API client initialized
2025-06-16 16:18:07,216 - main_trading_app_alpaca - INFO - ✅ All components initialized
2025-06-16 16:18:07,218 - src.alpaca_connection - INFO - Disconnecting from Alpaca
2025-06-16 16:18:07,219 - src.alpaca_connection - INFO - ✅ Disconnected from Alpaca
